// Jest Snapshot v1, https://goo.gl/fbAQLP

exports[`<LocationInfo /> should render correctly 1`] = `
<div
  class="mt-10 lg:mt-0"
  title="candidate-address"
>
  <h4
    class="mb-6 md:mb-2 text-slate-700 capitalize text-xl font-bold"
  >
    address
  </h4>
  <div
    class="grid md:grid-cols-2 gap-6 md:border rounded-md"
  >
    <div
      class="md:p-4 grid grid-cols-1 md:grid-cols-2 lg:grid-cols-1 gap-6"
    >
      <div
        class="flex flex-col "
        data-testid="street address-details"
      >
        <p
          class="tracking-wide  text-slate-700 mb-2 text-xs capitalize"
          data-testid="paragraph"
        >
          street address
        </p>
        <span
          class="flex"
        >
          <p
            class="tracking-wide  text-slate-700  font-semibold mr-2 last-of-type:mr-0 capitalize !text-sm !md:text-base"
            data-testid="paragraph"
          >
            456,
          </p>
          <p
            class="tracking-wide  text-slate-700  font-semibold mr-2 last-of-type:mr-0 capitalize !text-sm !md:text-base"
            data-testid="paragraph"
          >
            sicamore street
          </p>
        </span>
      </div>
      <div
        class="flex flex-col "
        data-testid="city-details"
      >
        <p
          class="tracking-wide  text-slate-700 mb-2 text-xs capitalize"
          data-testid="paragraph"
        >
          city
        </p>
        <span
          class="flex"
        >
          <p
            class="tracking-wide  text-slate-700  font-semibold mr-2 last-of-type:mr-0 capitalize !text-sm !md:text-base"
            data-testid="paragraph"
          >
            rivonia
          </p>
        </span>
      </div>
      <div
        class="flex flex-col "
        data-testid="state-details"
      >
        <p
          class="tracking-wide  text-slate-700 mb-2 text-xs capitalize"
          data-testid="paragraph"
        >
          state
        </p>
        <span
          class="flex"
        >
          <p
            class="tracking-wide  text-slate-700  font-semibold mr-2 last-of-type:mr-0 capitalize !text-sm !md:text-base"
            data-testid="paragraph"
          >
            johannesburg
          </p>
        </span>
      </div>
      <div
        class="flex flex-col "
        data-testid="country-details"
      >
        <p
          class="tracking-wide  text-slate-700 mb-2 text-xs capitalize"
          data-testid="paragraph"
        >
          country
        </p>
        <span
          class="flex"
        >
          <p
            class="tracking-wide  text-slate-700  font-semibold mr-2 last-of-type:mr-0 capitalize !text-sm !md:text-base"
            data-testid="paragraph"
          >
            south africa
          </p>
        </span>
      </div>
      <div
        class="flex flex-col "
        data-testid="postcode-details"
      >
        <p
          class="tracking-wide  text-slate-700 mb-2 text-xs capitalize"
          data-testid="paragraph"
        >
          postcode
        </p>
        <span
          class="flex"
        >
          <p
            class="tracking-wide  text-slate-700  font-semibold mr-2 last-of-type:mr-0 capitalize !text-sm !md:text-base"
            data-testid="paragraph"
          >
            1234
          </p>
        </span>
      </div>
      <div
        class="flex flex-col "
        data-testid="timezone-details"
      >
        <p
          class="tracking-wide  text-slate-700 mb-2 text-xs capitalize"
          data-testid="paragraph"
        >
          timezone
        </p>
        <span
          class="flex"
        >
          <p
            class="tracking-wide  text-slate-700  font-semibold mr-2 last-of-type:mr-0 capitalize !text-sm !md:text-base"
            data-testid="paragraph"
          >
            cape town, harare
          </p>
          <p
            class="tracking-wide  text-slate-700  font-semibold mr-2 last-of-type:mr-0 capitalize !text-sm !md:text-base"
            data-testid="paragraph"
          >
            (+2:00)
          </p>
        </span>
      </div>
    </div>
    <div
      class="overflow-hidden"
    >
      <img
        alt="map of coordinates"
        class="h-full object-cover object-center rounded-md"
        src="/map.png"
      />
    </div>
  </div>
</div>
`;
