// Jest Snapshot v1, https://goo.gl/fbAQLP

exports[`<CandidatesPageHeader /> should render correctly 1`] = `
<h1
  class="mr-10 text-slate-700 capitalize text-2xl lg:text-4xl font-semibold"
>
  1 candidate
</h1>
`;
