// Jest Snapshot v1, https://goo.gl/fbAQLP

exports[`<Icon /> should render correctly 1`] = `
<svg
  class="text-slate-500 "
  data-testid="icon-add"
  fill="currentColor"
  height="24"
  stroke="currentColor"
  stroke-width="0"
  viewBox="0 0 512 512"
  width="24"
  xmlns="http://www.w3.org/2000/svg"
>
  <path
    d="M416 277.333H277.333V416h-42.666V277.333H96v-42.666h138.667V96h42.666v138.667H416v42.666z"
  />
</svg>
`;
