// Jest Snapshot v1, https://goo.gl/fbAQLP

exports[`<Button /> should render correctly 1`] = `
<button
  class="flex flex-row justify-center items-center mx-2 last-of-type:mr-0 py-2 px-6 text-slate-800 text-base font-bold tracking-widest rounded-md capitalize cursor-pointer hover:bg-opacity-75 transform ease-out duration-100 bg-yellow-400 active:bg-yellow-600"
  data-testid="button-primary"
>
  add label
</button>
`;
