// Jest Snapshot v1, https://goo.gl/fbAQLP

exports[`<Heading /> should render correctly 1`] = `
<h1
  class=" text-slate-700 undefined text-4xl font-semibold"
>
  amber software
</h1>
`;
