// Jest Snapshot v1, https://goo.gl/fbAQLP

exports[`<BasicInfo /> should render correctly 1`] = `
<div
  title="about-candidate"
>
  <h4
    class="mb-6 md:mb-2 text-slate-700 capitalize text-xl font-bold"
  >
    basic info
  </h4>
  <div
    class="md:p-4 grid grid-rows-1 gap-6 md:border rounded-md"
  >
    <div
      class="flex flex-col "
      data-testid="full name-details"
    >
      <p
        class="tracking-wide  text-slate-700 mb-2 text-xs capitalize"
        data-testid="paragraph"
      >
        full name
      </p>
      <span
        class="flex"
      >
        <p
          class="tracking-wide  text-slate-700  font-semibold mr-2 last-of-type:mr-0 capitalize !text-sm !md:text-base"
          data-testid="paragraph"
        >
          John
        </p>
        <p
          class="tracking-wide  text-slate-700  font-semibold mr-2 last-of-type:mr-0 capitalize !text-sm !md:text-base"
          data-testid="paragraph"
        >
          Doe
        </p>
        <p
          class="tracking-wide  text-slate-700  font-semibold mr-2 last-of-type:mr-0 capitalize !text-sm !md:text-base"
          data-testid="paragraph"
        >
          (Mr)
        </p>
      </span>
    </div>
    <div
      class="flex flex-col "
      data-testid="gender-details"
    >
      <p
        class="tracking-wide  text-slate-700 mb-2 text-xs capitalize"
        data-testid="paragraph"
      >
        gender
      </p>
      <span
        class="flex"
      >
        <p
          class="tracking-wide  text-slate-700  font-semibold mr-2 last-of-type:mr-0 capitalize !text-sm !md:text-base"
          data-testid="paragraph"
        >
          male
        </p>
      </span>
    </div>
    <div
      class="flex flex-col "
      data-testid="dob-details"
    >
      <p
        class="tracking-wide  text-slate-700 mb-2 text-xs capitalize"
        data-testid="paragraph"
      >
        dob
      </p>
      <span
        class="flex"
      >
        <p
          class="tracking-wide  text-slate-700  font-semibold mr-2 last-of-type:mr-0 capitalize !text-sm !md:text-base"
          data-testid="paragraph"
        >
          Fri, 24 Apr 1964
        </p>
        <p
          class="tracking-wide  text-slate-700  font-semibold mr-2 last-of-type:mr-0 capitalize !text-sm !md:text-base"
          data-testid="paragraph"
        >
          (57)
        </p>
      </span>
    </div>
    <div
      class="flex flex-col text-sm lg:text-base"
      data-testid="email-details"
    >
      <p
        class="tracking-wide  text-slate-700 mb-2 text-xs capitalize"
        data-testid="paragraph"
      >
        email
      </p>
      <span
        class="flex"
      >
        <p
          class="tracking-wide  text-slate-700  font-semibold mr-2 last-of-type:mr-0 false"
          data-testid="paragraph"
        >
          my.email@gmail.com
        </p>
      </span>
    </div>
    <div
      class="flex flex-col "
      data-testid="phone-details"
    >
      <p
        class="tracking-wide  text-slate-700 mb-2 text-xs capitalize"
        data-testid="paragraph"
      >
        phone
      </p>
      <span
        class="flex"
      >
        <p
          class="tracking-wide  text-slate-700  font-semibold mr-2 last-of-type:mr-0 capitalize !text-sm !md:text-base"
          data-testid="paragraph"
        >
          011 123 45 78
        </p>
      </span>
    </div>
    <div
      class="flex flex-col "
      data-testid="cell-details"
    >
      <p
        class="tracking-wide  text-slate-700 mb-2 text-xs capitalize"
        data-testid="paragraph"
      >
        cell
      </p>
      <span
        class="flex"
      >
        <p
          class="tracking-wide  text-slate-700  font-semibold mr-2 last-of-type:mr-0 capitalize !text-sm !md:text-base"
          data-testid="paragraph"
        >
          078 123 45 67
        </p>
      </span>
    </div>
  </div>
</div>
`;
