// Jest Snapshot v1, https://goo.gl/fbAQLP

exports[`<Application /> should render correctly 1`] = `
<div
  title="about-application"
>
  <h4
    class="mb-6 lg:mb-2 text-slate-700 capitalize text-xl font-bold"
  >
    application
  </h4>
  <div
    class="md:p-4 grid grid-cols-1 md:grid-cols-2 gap-6 md:border rounded-md"
  >
    <div
      class="flex flex-col hidden md:grid"
      data-testid="registration-details"
    >
      <p
        class="tracking-wide  text-slate-700 mb-2 text-xs capitalize"
        data-testid="paragraph"
      >
        registration
      </p>
      <span
        class="flex"
      >
        <p
          class="tracking-wide  text-slate-700  font-semibold mr-2 last-of-type:mr-0 capitalize !text-sm !md:text-base"
          data-testid="paragraph"
        >
          Wed, 28 Sept 2016
        </p>
        <p
          class="tracking-wide  text-slate-700  font-semibold mr-2 last-of-type:mr-0 capitalize !text-sm !md:text-base"
          data-testid="paragraph"
        >
          (5 years ago)
        </p>
      </span>
    </div>
    <div
      class="grid gap-6 md:hidden"
    >
      <div
        class="flex flex-col "
        data-testid="registration-details"
      >
        <p
          class="tracking-wide  text-slate-700 mb-2 text-xs capitalize"
          data-testid="paragraph"
        >
          registration
        </p>
        <span
          class="flex"
        >
          <p
            class="tracking-wide  text-slate-700  font-semibold mr-2 last-of-type:mr-0 capitalize !text-sm !md:text-base"
            data-testid="paragraph"
          >
            Wed, 28 Sept 2016
          </p>
        </span>
      </div>
      <div
        class="flex flex-col "
        data-testid="registration-details"
      >
        <p
          class="tracking-wide  text-slate-700 mb-2 text-xs capitalize"
          data-testid="paragraph"
        >
          registration
        </p>
        <span
          class="flex"
        >
          <p
            class="tracking-wide  text-slate-700  font-semibold mr-2 last-of-type:mr-0 capitalize !text-sm !md:text-base"
            data-testid="paragraph"
          >
            (5 years ago)
          </p>
        </span>
      </div>
    </div>
    <div
      class="flex flex-col "
      data-testid="identification-details"
    >
      <p
        class="tracking-wide  text-slate-700 mb-2 text-xs capitalize"
        data-testid="paragraph"
      >
        identification
      </p>
      <span
        class="flex"
      >
        <p
          class="tracking-wide  text-slate-700  font-semibold mr-2 last-of-type:mr-0 capitalize !text-sm !md:text-base"
          data-testid="paragraph"
        >
          AVS
        </p>
        <p
          class="tracking-wide  text-slate-700  font-semibold mr-2 last-of-type:mr-0 capitalize !text-sm !md:text-base"
          data-testid="paragraph"
        >
          - 756.9989.7526.17
        </p>
      </span>
    </div>
  </div>
</div>
`;
